Microchip MPLAB XC8 Compiler V2.32

Linker command line:

-W-3 --edf=C:\Program Files\Microchip\xc8\v2.32\pic\dat\en_msgs.txt -cn \
  -h+dist/default/production\whole.X.production.sym \
  --cmf=dist/default/production\whole.X.production.cmf -z -Q16F877A \
  -oC:\Users\Rushi\AppData\Local\Temp\xcAsc2c.4 --defsym=__MPLAB_BUILD=1 \
  -Mdist/default/production/whole.X.production.map -E1 -ver=XC8 Compiler \
  --acfsm=1493 -ASTACK=0110h-016Fh -pstack=STACK -ACODE=00h-07FFhx4 \
  -ASTRCODE=00h-01FFFh -ASTRING=00h-0FFhx32 -ACONST=00h-0FFhx32 \
  -AENTRY=00h-0FFhx32 -ACOMMON=070h-07Fh -ABANK0=020h-06Fh \
  -ABANK1=0A0h-0EFh -ABANK2=0110h-016Fh -ABANK3=0190h-01EFh \
  -ARAM=020h-06Fh,0A0h-0EFh,0110h-016Fh,0190h-01EFh \
  -AABS1=020h-07Fh,0A0h-0EFh,0110h-016Fh,0190h-01EFh -ASFR0=00h-01Fh \
  -ASFR1=080h-09Fh -ASFR2=0100h-010Fh -ASFR3=0180h-018Fh \
  -ACONFIG=02007h-02007h -DCONFIG=2 -AIDLOC=02000h-02003h -DIDLOC=2 \
  -AEEDATA=00h-0FFh/02100h -peeprom_data=EEDATA -DEEDATA=2 -DCODE=2 \
  -DSTRCODE=2 -DSTRING=2 -DCONST=2 -DENTRY=2 \
  -preset_vec=00h,intentry=04h,init,end_init -ppowerup=CODE -pcinit=CODE \
  -pfunctab=ENTRY -k C:\Users\Rushi\AppData\Local\Temp\xcAsc2c.o \
  dist/default/production\whole.X.production.o 

Object code version is 3.11

Machine type is 16F877A



                Name                               Link     Load   Length Selector   Space Scale
C:\Users\Rushi\AppData\Local\Temp\xcAsc2c.o
                end_init                             12       12        3        8       0
                reset_vec                             0        0        3        0       0
dist/default/production\whole.X.production.o
                cinit                                15       15       10        8       0
                intentry                              4        4        E        8       0
                text1                                25       25       72        8       0
                maintext                             97       97       18        8       0
                cstackCOMMON                         70       70        8       70       1
                bssBANK0                             20       20        A       20       1

TOTAL           Name                               Link     Load   Length     Space
        CLASS   STACK          

        CLASS   CODE           
                end_init                             12       12        3         0
                cinit                                15       15       10         0
                intentry                              4        4        E         0
                reset_vec                             0        0        3         0
                text1                                25       25       72         0
                maintext                             97       97       18         0

        CLASS   STRCODE        

        CLASS   STRING         

        CLASS   CONST          

        CLASS   ENTRY          

        CLASS   COMMON         
                cstackCOMMON                         70       70        8         1

        CLASS   BANK0          
                bssBANK0                             20       20        A         1

        CLASS   BANK1          

        CLASS   BANK2          

        CLASS   BANK3          

        CLASS   RAM            

        CLASS   ABS1           
                abs_s1                               7E       7E        2         1

        CLASS   SFR0           

        CLASS   SFR1           

        CLASS   SFR2           

        CLASS   SFR3           

        CLASS   CONFIG         

        CLASS   IDLOC          

        CLASS   EEDATA         



SEGMENTS        Name                           Load    Length   Top    Selector   Space  Class     Delta

                reset_vec                      000000  000003  000003         0       0  CODE        2
                intentry                       000004  0000AB  0000AF         8       0  CODE        2
                bssBANK0                       000020  00000A  00002A        20       1  BANK0       1
                cstackCOMMON                   000070  000008  000078        70       1  COMMON      1


UNUSED ADDRESS RANGES

        Name                Unused          Largest block    Delta
        BANK0            02A-06F            46           1
        BANK1            0A0-0EF            50           1
        BANK2            110-16F            60           1
        BANK3            190-1EF            60           1
        CODE             003-003             1           2
                         0AF-1FFF           800
        COMMON           078-07D             6           1
        CONFIG           2007-2007             1           2
        CONST            003-003             1           2
                         0AF-1FFF           100
        EEDATA           2100-21FF           100           2
        ENTRY            003-003             1           2
                         0AF-1FFF           100
        IDLOC            2000-2003             4           2
        RAM              02A-06F            46           1
                         0A0-0EF            50
                         110-16F            60
                         190-1EF            60
        SFR0             000-01F            20           1
        SFR1             080-09F            20           1
        SFR2             100-10F            10           1
        SFR3             180-18F            10           1
        STACK            110-16F            60           1
        STRCODE          003-003             1           2
                         0AF-1FFF          1F51
        STRING           003-003             1           2
                         0AF-1FFF           100

                                  Symbol Table

_INTCONbits              (abs)        00B
_OPTION_REGbits          (abs)        081
_PORTB                   (abs)        006
_PORTBbits               (abs)        006
_TMR0                    (abs)        001
_TMR0IF                  (abs)        05A
_TRISB0                  (abs)        430
_TRISB1                  (abs)        431
_TRISB2                  (abs)        432
_TRISB3                  (abs)        433
_TRISB4                  (abs)        434
_TRISB5                  (abs)        435
_TRISC0                  (abs)        438
__Habs1                  abs1         000
__Hbank0                 bank0        000
__Hbank1                 bank1        000
__Hbank2                 bank2        000
__Hbank3                 bank3        000
__HbssBANK0              bssBANK0     000
__Hcinit                 cinit        025
__Hclrtext               clrtext      000
__Hcode                  code         000
__Hcommon                common       000
__HcstackBANK0           cstackBANK0  000
__HcstackCOMMON          cstackCOMMON 000
__Heeprom_data           eeprom_data  000
__Hend_init              end_init     015
__Hfunctab               functab      000
__Hinit                  init         012
__Hintentry              intentry     012
__Hmaintext              maintext     000
__Hpowerup               powerup      000
__Hram                   ram          000
__Hreset_vec             reset_vec    003
__Hsfr0                  sfr0         000
__Hsfr1                  sfr1         000
__Hsfr2                  sfr2         000
__Hsfr3                  sfr3         000
__Hspace_0               (abs)        0AF
__Hspace_1               (abs)        078
__Hspace_2               (abs)        000
__Hspace_3               (abs)        000
__Hstack                 stack        000
__Hstrings               strings      000
__Htext                  text         000
__Labs1                  abs1         000
__Lbank0                 bank0        000
__Lbank1                 bank1        000
__Lbank2                 bank2        000
__Lbank3                 bank3        000
__LbssBANK0              bssBANK0     000
__Lcinit                 cinit        015
__Lclrtext               clrtext      000
__Lcode                  code         000
__Lcommon                common       000
__LcstackBANK0           cstackBANK0  000
__LcstackCOMMON          cstackCOMMON 000
__Leeprom_data           eeprom_data  000
__Lend_init              end_init     012
__Lfunctab               functab      000
__Linit                  init         012
__Lintentry              intentry     004
__Lmaintext              maintext     000
__Lpowerup               powerup      000
__Lram                   ram          000
__Lreset_vec             reset_vec    000
__Lsfr0                  sfr0         000
__Lsfr1                  sfr1         000
__Lsfr2                  sfr2         000
__Lsfr3                  sfr3         000
__Lspace_0               (abs)        000
__Lspace_1               (abs)        000
__Lspace_2               (abs)        000
__Lspace_3               (abs)        000
__Lstack                 stack        000
__Lstrings               strings      000
__Ltext                  text         000
__S0                     (abs)        0AF
__S1                     (abs)        078
__S2                     (abs)        000
__S3                     (abs)        000
___int_sp                stack        000
___latbits               (abs)        002
___sp                    stack        000
___stackhi               (abs)        000
___stacklo               (abs)        000
__end_of__initialization cinit        021
__end_of_blink           text1        097
__end_of_main            maintext     0AF
__initialization         cinit        015
__pbssBANK0              bssBANK0     020
__pcstackBANK0           cstackBANK0  000
__pcstackCOMMON          cstackCOMMON 070
__pintentry              intentry     004
__pmaintext              maintext     097
__ptext1                 text1        025
__size_of_blink          (abs)        000
__size_of_main           (abs)        000
_blink                   text1        025
_c                       bssBANK0     020
_main                    maintext     097
blink@i                  cstackCOMMON 076
btemp                    (abs)        07E
end_of_initialization    cinit        021
interrupt_function       intentry     004
intlevel0                functab      000
intlevel1                functab      000
intlevel2                functab      000
intlevel3                functab      000
intlevel4                functab      000
intlevel5                functab      000
reset_vec                reset_vec    000
saved_w                  (abs)        07E
start                    init         012
start_initialization     cinit        015
wtemp0                   (abs)        07E


MODULE INFORMATION

Module		Function		Class		Link	Load	Size
newmain.c
		_main          		CODE           	0097	0000	24
		_blink         		CODE           	0025	0000	114

newmain.c estimated size: 138

shared
		__initialization		CODE           	0015	0000	12

shared estimated size: 12

