Microchip MPLAB XC8 Compiler V2.32

Linker command line:

-W-3 --edf=C:\Program Files\Microchip\xc8\v2.32\pic\dat\en_msgs.txt -cn \
  -h+dist/default/production\uart.X.production.sym \
  --cmf=dist/default/production\uart.X.production.cmf -z -Q16F877A \
  -oC:\Users\DEEpu\AppData\Local\Temp\xcAs3mc.4 --defsym=__MPLAB_BUILD=1 \
  -Mdist/default/production/uart.X.production.map -E1 -ver=XC8 Compiler \
  --acfsm=1493 -ASTACK=0110h-016Fh -pstack=STACK -ACODE=00h-07FFhx4 \
  -ASTRCODE=00h-01FFFh -ASTRING=00h-0FFhx32 -ACONST=00h-0FFhx32 \
  -AENTRY=00h-0FFhx32 -ACOMMON=070h-07Fh -ABANK0=020h-06Fh \
  -ABANK1=0A0h-0EFh -ABANK2=0110h-016Fh -ABANK3=0190h-01EFh \
  -ARAM=020h-06Fh,0A0h-0EFh,0110h-016Fh,0190h-01EFh \
  -AABS1=020h-07Fh,0A0h-0EFh,0110h-016Fh,0190h-01EFh -ASFR0=00h-01Fh \
  -ASFR1=080h-09Fh -ASFR2=0100h-010Fh -ASFR3=0180h-018Fh \
  -ACONFIG=02007h-02007h -DCONFIG=2 -AIDLOC=02000h-02003h -DIDLOC=2 \
  -AEEDATA=00h-0FFh/02100h -peeprom_data=EEDATA -DEEDATA=2 -DCODE=2 \
  -DSTRCODE=2 -DSTRING=2 -DCONST=2 -DENTRY=2 \
  -preset_vec=00h,intentry,init,end_init -ppowerup=CODE -pcinit=CODE \
  -pfunctab=ENTRY -k C:\Users\DEEpu\AppData\Local\Temp\xcAs3mc.o \
  dist/default/production\uart.X.production.o 

Object code version is 3.11

Machine type is 16F877A



                Name                               Link     Load   Length Selector   Space Scale
C:\Users\DEEpu\AppData\Local\Temp\xcAs3mc.o
                end_init                              0        0        3        0       0
dist/default/production\uart.X.production.o
                cinit                               7FC      7FC        4      FF8       0
                text4                               750      750        A      EA0       0
                text3                               75A      75A        A      EB4       0
                text2                               771      771       1F      EE2       0
                text1                               764      764        D      EC8       0
                maintext                            790      790       6C      F20       0
                cstackCOMMON                         70       70        7       70       1
                strings                               3        3       65        6       0

TOTAL           Name                               Link     Load   Length     Space
        CLASS   STACK          

        CLASS   CODE           
                end_init                              0        0        3         0
                cinit                               7FC      7FC        4         0
                text4                               750      750        A         0
                text3                               75A      75A        A         0
                text2                               771      771       1F         0
                text1                               764      764        D         0
                maintext                            790      790       6C         0

        CLASS   STRCODE        

        CLASS   STRING         
                strings                               3        3       65         0

        CLASS   CONST          

        CLASS   ENTRY          

        CLASS   COMMON         
                cstackCOMMON                         70       70        7         1

        CLASS   BANK0          

        CLASS   BANK1          

        CLASS   BANK2          

        CLASS   BANK3          

        CLASS   RAM            

        CLASS   ABS1           
                abs_s1                               7E       7E        2         1

        CLASS   SFR0           

        CLASS   SFR1           

        CLASS   SFR2           

        CLASS   SFR3           

        CLASS   CONFIG         

        CLASS   IDLOC          

        CLASS   EEDATA         



SEGMENTS        Name                           Load    Length   Top    Selector   Space  Class     Delta

                reset_vec                      000000  000003  000003         0       0  CODE        2
                strings                        000003  000065  000068         6       0  STRING      2
                cstackCOMMON                   000070  000007  000077        70       1  COMMON      1
                text4                          000750  00000A  00075A       EA0       0  CODE        2
                text3                          00075A  00000A  000764       EB4       0  CODE        2
                text1                          000764  00000D  000771       EC8       0  CODE        2
                text2                          000771  00001F  000790       EE2       0  CODE        2
                maintext                       000790  00006C  0007FC       F20       0  CODE        2
                cinit                          0007FC  000004  000800       FF8       0  CODE        2


UNUSED ADDRESS RANGES

        Name                Unused          Largest block    Delta
        BANK0            0020-006F             50           1
        BANK1            00A0-00EF             50           1
        BANK2            0110-016F             60           1
        BANK3            0190-01EF             60           1
        CODE             0068-074F            6E8           2
                         0800-1FFF            800
        COMMON           0077-007D              7           1
        CONFIG           2007-2007              1           2
        CONST            0068-074F            100           2
                         0800-1FFF            100
        EEDATA           2100-21FF            100           2
        ENTRY            0068-074F            100           2
                         0800-1FFF            100
        IDLOC            2000-2003              4           2
        RAM              0020-006F             50           1
                         00A0-00EF             50
                         0110-016F             60
                         0190-01EF             60
        SFR0             0000-001F             20           1
        SFR1             0080-009F             20           1
        SFR2             0100-010F             10           1
        SFR3             0180-018F             10           1
        STACK            0110-016F             60           1
        STRCODE          0068-074F            6E8           2
                         0800-1FFF           1800
        STRING           0068-074F            100           2
                         0800-1FFF            100

                                  Symbol Table

_RB1                     (abs)        0031
_RB2                     (abs)        0032
_RB3                     (abs)        0033
_RCIF                    (abs)        0065
_RCREG                   (abs)        001A
_RCSTA                   (abs)        0018
_SPBRG                   (abs)        0099
_TRISB                   (abs)        0086
_TRISC6                  (abs)        043E
_TRISC7                  (abs)        043F
_TXIF                    (abs)        0064
_TXREG                   (abs)        0019
_TXSTA                   (abs)        0098
__Habs1                  abs1         0000
__Hbank0                 bank0        0000
__Hbank1                 bank1        0000
__Hbank2                 bank2        0000
__Hbank3                 bank3        0000
__Hcinit                 cinit        0800
__Hclrtext               clrtext      0000
__Hcode                  code         0000
__Hcommon                common       0000
__HcstackCOMMON          cstackCOMMON 0000
__Heeprom_data           eeprom_data  0000
__Hend_init              end_init     0003
__Hfunctab               functab      0000
__Hinit                  init         0000
__Hintentry              intentry     0000
__Hmaintext              maintext     0000
__Hpowerup               powerup      0000
__Hram                   ram          0000
__Hreset_vec             reset_vec    0000
__Hsfr0                  sfr0         0000
__Hsfr1                  sfr1         0000
__Hsfr2                  sfr2         0000
__Hsfr3                  sfr3         0000
__Hspace_0               (abs)        0800
__Hspace_1               (abs)        0077
__Hspace_2               (abs)        0000
__Hspace_3               (abs)        0000
__Hstack                 stack        0000
__Hstrings               strings      0000
__Htext                  text         0000
__Labs1                  abs1         0000
__Lbank0                 bank0        0000
__Lbank1                 bank1        0000
__Lbank2                 bank2        0000
__Lbank3                 bank3        0000
__Lcinit                 cinit        07FC
__Lclrtext               clrtext      0000
__Lcode                  code         0000
__Lcommon                common       0000
__LcstackCOMMON          cstackCOMMON 0000
__Leeprom_data           eeprom_data  0000
__Lend_init              end_init     0000
__Lfunctab               functab      0000
__Linit                  init         0000
__Lintentry              intentry     0000
__Lmaintext              maintext     0000
__Lpowerup               powerup      0000
__Lram                   ram          0000
__Lreset_vec             reset_vec    0000
__Lsfr0                  sfr0         0000
__Lsfr1                  sfr1         0000
__Lsfr2                  sfr2         0000
__Lsfr3                  sfr3         0000
__Lspace_0               (abs)        0000
__Lspace_1               (abs)        0000
__Lspace_2               (abs)        0000
__Lspace_3               (abs)        0000
__Lstack                 stack        0000
__Lstrings               strings      0000
__Ltext                  text         0000
__S0                     (abs)        0800
__S1                     (abs)        0077
__S2                     (abs)        0000
__S3                     (abs)        0000
___int_sp                stack        0000
___latbits               (abs)        0002
___sp                    stack        0000
___stackhi               (abs)        0000
___stacklo               (abs)        0000
__end_of__initialization cinit        07FC
__end_of__stringtab      strings      0009
__end_of_get             text4        075A
__end_of_main            maintext     07FC
__end_of_send            text3        0764
__end_of_send_data       text2        0790
__end_of_uart            text1        0771
__initialization         cinit        07FC
__pcstackCOMMON          cstackCOMMON 0070
__pmaintext              maintext     0790
__pstrings               strings      0003
__ptext1                 text1        0764
__ptext2                 text2        0771
__ptext3                 text3        075A
__ptext4                 text4        0750
__size_of_get            (abs)        0000
__size_of_main           (abs)        0000
__size_of_send           (abs)        0000
__size_of_send_data      (abs)        0000
__size_of_uart           (abs)        0000
__stringbase             strings      0008
__stringtab              strings      0003
_get                     text4        0750
_main                    maintext     0790
_send                    text3        075A
_send_data               text2        0771
_uart                    text1        0764
btemp                    (abs)        007E
end_of_initialization    cinit        07FC
intlevel0                functab      0000
intlevel1                functab      0000
intlevel2                functab      0000
intlevel3                functab      0000
intlevel4                functab      0000
intlevel5                functab      0000
main@p                   cstackCOMMON 0075
reset_vec                reset_vec    0000
send@a                   cstackCOMMON 0070
send_data@x              cstackCOMMON 0072
start                    init         0000
start_initialization     cinit        07FC
wtemp0                   (abs)        007E


MODULE INFORMATION

Module		Function		Class		Link	Load	Size
newfile.c
		_send_data     		CODE           	0771	0000	31
		_uart          		CODE           	0764	0000	13
		_main          		CODE           	0790	0000	108
		_get           		CODE           	0750	0000	10
		_send          		CODE           	075A	0000	10

newfile.c estimated size: 172

shared
		__stringtab    		STRING         	0003	0000	6
		__initialization		CODE           	07FC	0000	1

shared estimated size: 7

